Archive member included to satisfy reference by file (symbol)

d:/ungdung/st/stm32cubeide_1.7.0/stm32cubeide/plugins/com.st.stm32cube.ide.mcu.externaltools.gnu-tools-for-stm32.9-2020-q2-update.win32_2.0.0.202105311346/tools/bin/../lib/gcc/arm-none-eabi/9.3.1/../../../../arm-none-eabi/lib/thumb/v6-m/nofp\libc_nano.a(lib_a-errno.o)
                              ./Core/Src/syscalls.o (__errno)
d:/ungdung/st/stm32cubeide_1.7.0/stm32cubeide/plugins/com.st.stm32cube.ide.mcu.externaltools.gnu-tools-for-stm32.9-2020-q2-update.win32_2.0.0.202105311346/tools/bin/../lib/gcc/arm-none-eabi/9.3.1/../../../../arm-none-eabi/lib/thumb/v6-m/nofp\libc_nano.a(lib_a-exit.o)
                              d:/ungdung/st/stm32cubeide_1.7.0/stm32cubeide/plugins/com.st.stm32cube.ide.mcu.externaltools.gnu-tools-for-stm32.9-2020-q2-update.win32_2.0.0.202105311346/tools/bin/../lib/gcc/arm-none-eabi/9.3.1/../../../../arm-none-eabi/lib/thumb/v6-m/nofp/crt0.o (exit)
d:/ungdung/st/stm32cubeide_1.7.0/stm32cubeide/plugins/com.st.stm32cube.ide.mcu.externaltools.gnu-tools-for-stm32.9-2020-q2-update.win32_2.0.0.202105311346/tools/bin/../lib/gcc/arm-none-eabi/9.3.1/../../../../arm-none-eabi/lib/thumb/v6-m/nofp\libc_nano.a(lib_a-impure.o)
                              d:/ungdung/st/stm32cubeide_1.7.0/stm32cubeide/plugins/com.st.stm32cube.ide.mcu.externaltools.gnu-tools-for-stm32.9-2020-q2-update.win32_2.0.0.202105311346/tools/bin/../lib/gcc/arm-none-eabi/9.3.1/../../../../arm-none-eabi/lib/thumb/v6-m/nofp\libc_nano.a(lib_a-exit.o) (_global_impure_ptr)
d:/ungdung/st/stm32cubeide_1.7.0/stm32cubeide/plugins/com.st.stm32cube.ide.mcu.externaltools.gnu-tools-for-stm32.9-2020-q2-update.win32_2.0.0.202105311346/tools/bin/../lib/gcc/arm-none-eabi/9.3.1/../../../../arm-none-eabi/lib/thumb/v6-m/nofp\libc_nano.a(lib_a-init.o)
                              d:/ungdung/st/stm32cubeide_1.7.0/stm32cubeide/plugins/com.st.stm32cube.ide.mcu.externaltools.gnu-tools-for-stm32.9-2020-q2-update.win32_2.0.0.202105311346/tools/bin/../lib/gcc/arm-none-eabi/9.3.1/../../../../arm-none-eabi/lib/thumb/v6-m/nofp/crt0.o (__libc_init_array)
d:/ungdung/st/stm32cubeide_1.7.0/stm32cubeide/plugins/com.st.stm32cube.ide.mcu.externaltools.gnu-tools-for-stm32.9-2020-q2-update.win32_2.0.0.202105311346/tools/bin/../lib/gcc/arm-none-eabi/9.3.1/../../../../arm-none-eabi/lib/thumb/v6-m/nofp\libc_nano.a(lib_a-memset.o)
                              d:/ungdung/st/stm32cubeide_1.7.0/stm32cubeide/plugins/com.st.stm32cube.ide.mcu.externaltools.gnu-tools-for-stm32.9-2020-q2-update.win32_2.0.0.202105311346/tools/bin/../lib/gcc/arm-none-eabi/9.3.1/../../../../arm-none-eabi/lib/thumb/v6-m/nofp/crt0.o (memset)
d:/ungdung/st/stm32cubeide_1.7.0/stm32cubeide/plugins/com.st.stm32cube.ide.mcu.externaltools.gnu-tools-for-stm32.9-2020-q2-update.win32_2.0.0.202105311346/tools/bin/../lib/gcc/arm-none-eabi/9.3.1/thumb/v6-m/nofp\libgcc.a(_udivsi3.o)
                              ./Core/Src/system_stm32f0xx.o (__aeabi_uidiv)
d:/ungdung/st/stm32cubeide_1.7.0/stm32cubeide/plugins/com.st.stm32cube.ide.mcu.externaltools.gnu-tools-for-stm32.9-2020-q2-update.win32_2.0.0.202105311346/tools/bin/../lib/gcc/arm-none-eabi/9.3.1/thumb/v6-m/nofp\libgcc.a(_divsi3.o)
                              ./Core/Src/main.o (__aeabi_idivmod)
d:/ungdung/st/stm32cubeide_1.7.0/stm32cubeide/plugins/com.st.stm32cube.ide.mcu.externaltools.gnu-tools-for-stm32.9-2020-q2-update.win32_2.0.0.202105311346/tools/bin/../lib/gcc/arm-none-eabi/9.3.1/thumb/v6-m/nofp\libgcc.a(_dvmd_tls.o)
                              d:/ungdung/st/stm32cubeide_1.7.0/stm32cubeide/plugins/com.st.stm32cube.ide.mcu.externaltools.gnu-tools-for-stm32.9-2020-q2-update.win32_2.0.0.202105311346/tools/bin/../lib/gcc/arm-none-eabi/9.3.1/thumb/v6-m/nofp\libgcc.a(_udivsi3.o) (__aeabi_idiv0)

Allocating common symbols
Common symbol       size              file

adc_dma_buf         0x2               ./Core/Src/main.o
uwTick              0x4               ./Drivers/STM32F0xx_HAL_Driver/Src/stm32f0xx_hal.o
pFlash              0x20              ./Drivers/STM32F0xx_HAL_Driver/Src/stm32f0xx_hal_flash.o
rx                  0x69              ./Core/Src/main.o
tx_buf1             0x69              ./Core/Src/main.o
htim1               0x48              ./Core/Src/main.o
hspi1               0x64              ./Core/Src/main.o
hdma_spi1_rx        0x44              ./Core/Src/main.o
ring                0x500             ./Core/Src/main.o
hdma_adc            0x44              ./Core/Src/main.o
hadc                0x40              ./Core/Src/main.o
hdma_spi1_tx        0x44              ./Core/Src/main.o
tx_buf0             0x69              ./Core/Src/main.o

Discarded input sections

 .text          0x0000000000000000        0x0 d:/ungdung/st/stm32cubeide_1.7.0/stm32cubeide/plugins/com.st.stm32cube.ide.mcu.externaltools.gnu-tools-for-stm32.9-2020-q2-update.win32_2.0.0.202105311346/tools/bin/../lib/gcc/arm-none-eabi/9.3.1/thumb/v6-m/nofp/crti.o
[...]
Memory Configuration

Name             Origin             Length             Attributes
RAM              0x0000000020000000 0x0000000000001000 xrw
FLASH            0x0000000008000000 0x0000000000004000 xr
*default*        0x0000000000000000 0xffffffffffffffff

Linker script and memory map

LOAD d:/ungdung/st/stm32cubeide_1.7.0/stm32cubeide/plugins/com.st.stm32cube.ide.mcu.externaltools.gnu-tools-for-stm32.9-2020-q2-update.win32_2.0.0.202105311346/tools/bin/../lib/gcc/arm-none-eabi/9.3.1/thumb/v6-m/nofp/crti.o
LOAD d:/ungdung/st/stm32cubeide_1.7.0/stm32cubeide/plugins/com.st.stm32cube.ide.mcu.externaltools.gnu-tools-for-stm32.9-2020-q2-update.win32_2.0.0.202105311346/tools/bin/../lib/gcc/arm-none-eabi/9.3.1/thumb/v6-m/nofp/crtbegin.o
LOAD d:/ungdung/st/stm32cubeide_1.7.0/stm32cubeide/plugins/com.st.stm32cube.ide.mcu.externaltools.gnu-tools-for-stm32.9-2020-q2-update.win32_2.0.0.202105311346/tools/bin/../lib/gcc/arm-none-eabi/9.3.1/../../../../arm-none-eabi/lib/thumb/v6-m/nofp/crt0.o
LOAD ./Core/Src/main.o
LOAD ./Core/Src/stm32f0xx_hal_msp.o
LOAD ./Core/Src/stm32f0xx_it.o
LOAD ./Core/Src/syscalls.o
LOAD ./Core/Src/sysmem.o
LOAD ./Core/Src/system_stm32f0xx.o
LOAD ./Core/Startup/startup_stm32f030f4px.o
LOAD ./Drivers/STM32F0xx_HAL_Driver/Src/stm32f0xx_hal.o
LOAD ./Drivers/STM32F0xx_HAL_Driver/Src/stm32f0xx_hal_adc.o
LOAD ./Drivers/STM32F0xx_HAL_Driver/Src/stm32f0xx_hal_adc_ex.o
LOAD ./Drivers/STM32F0xx_HAL_Driver/Src/stm32f0xx_hal_cortex.o
LOAD ./Drivers/STM32F0xx_HAL_Driver/Src/stm32f0xx_hal_dma.o
LOAD ./Drivers/STM32F0xx_HAL_Driver/Src/stm32f0xx_hal_exti.o
LOAD ./Drivers/STM32F0xx_HAL_Driver/Src/stm32f0xx_hal_flash.o
LOAD ./Drivers/STM32F0xx_HAL_Driver/Src/stm32f0xx_hal_flash_ex.o
LOAD ./Drivers/STM32F0xx_HAL_Driver/Src/stm32f0xx_hal_gpio.o
LOAD ./Drivers/STM32F0xx_HAL_Driver/Src/stm32f0xx_hal_i2c.o
LOAD ./Drivers/STM32F0xx_HAL_Driver/Src/stm32f0xx_hal_i2c_ex.o
LOAD ./Drivers/STM32F0xx_HAL_Driver/Src/stm32f0xx_hal_pwr.o
LOAD ./Drivers/STM32F0xx_HAL_Driver/Src/stm32f0xx_hal_pwr_ex.o
LOAD ./Drivers/STM32F0xx_HAL_Driver/Src/stm32f0xx_hal_rcc.o
LOAD ./Drivers/STM32F0xx_HAL_Driver/Src/stm32f0xx_hal_rcc_ex.o
LOAD ./Drivers/STM32F0xx_HAL_Driver/Src/stm32f0xx_hal_spi.o
LOAD ./Drivers/STM32F0xx_HAL_Driver/Src/stm32f0xx_hal_spi_ex.o
LOAD ./Drivers/STM32F0xx_HAL_Driver/Src/stm32f0xx_hal_tim.o
LOAD ./Drivers/STM32F0xx_HAL_Driver/Src/stm32f0xx_hal_tim_ex.o
START GROUP
LOAD d:/ungdung/st/stm32cubeide_1.7.0/stm32cubeide/plugins/com.st.stm32cube.ide.mcu.externaltools.gnu-tools-for-stm32.9-2020-q2-update.win32_2.0.0.202105311346/tools/bin/../lib/gcc/arm-none-eabi/9.3.1/../../../../arm-none-eabi/lib/thumb/v6-m/nofp\libc_nano.a
LOAD d:/ungdung/st/stm32cubeide_1.7.0/stm32cubeide/plugins/com.st.stm32cube.ide.mcu.externaltools.gnu-tools-for-stm32.9-2020-q2-update.win32_2.0.0.202105311346/tools/bin/../lib/gcc/arm-none-eabi/9.3.1/../../../../arm-none-eabi/lib/thumb/v6-m/nofp\libm.a
END GROUP
START GROUP
LOAD d:/ungdung/st/stm32cubeide_1.7.0/stm32cubeide/plugins/com.st.stm32cube.ide.mcu.externaltools.gnu-tools-for-stm32.9-2020-q2-update.win32_2.0.0.202105311346/tools/bin/../lib/gcc/arm-none-eabi/9.3.1/thumb/v6-m/nofp\libgcc.a
LOAD d:/ungdung/st/stm32cubeide_1.7.0/stm32cubeide/plugins/com.st.stm32cube.ide.mcu.externaltools.gnu-tools-for-stm32.9-2020-q2-update.win32_2.0.0.202105311346/tools/bin/../lib/gcc/arm-none-eabi/9.3.1/../../../../arm-none-eabi/lib/thumb/v6-m/nofp\libc_nano.a
END GROUP
START GROUP
LOAD d:/ungdung/st/stm32cubeide_1.7.0/stm32cubeide/plugins/com.st.stm32cube.ide.mcu.externaltools.gnu-tools-for-stm32.9-2020-q2-update.win32_2.0.0.202105311346/tools/bin/../lib/gcc/arm-none-eabi/9.3.1/thumb/v6-m/nofp\libgcc.a
LOAD d:/ungdung/st/stm32cubeide_1.7.0/stm32cubeide/plugins/com.st.stm32cube.ide.mcu.externaltools.gnu-tools-for-stm32.9-2020-q2-update.win32_2.0.0.202105311346/tools/bin/../lib/gcc/arm-none-eabi/9.3.1/../../../../arm-none-eabi/lib/thumb/v6-m/nofp\libc_nano.a
LOAD d:/ungdung/st/stm32cubeide_1.7.0/stm32cubeide/plugins/com.st.stm32cube.ide.mcu.externaltools.gnu-tools-for-stm32.9-2020-q2-update.win32_2.0.0.202105311346/tools/bin/../lib/gcc/arm-none-eabi/9.3.1/../../../../arm-none-eabi/lib/thumb/v6-m/nofp\libnosys.a
END GROUP
START GROUP
LOAD d:/ungdung/st/stm32cubeide_1.7.0/stm32cubeide/plugins/com.st.stm32cube.ide.mcu.externaltools.gnu-tools-for-stm32.9-2020-q2-update.win32_2.0.0.202105311346/tools/bin/../lib/gcc/arm-none-eabi/9.3.1/thumb/v6-m/nofp\libgcc.a
LOAD d:/ungdung/st/stm32cubeide_1.7.0/stm32cubeide/plugins/com.st.stm32cube.ide.mcu.externaltools.gnu-tools-for-stm32.9-2020-q2-update.win32_2.0.0.202105311346/tools/bin/../lib/gcc/arm-none-eabi/9.3.1/../../../../arm-none-eabi/lib/thumb/v6-m/nofp\libc_nano.a
LOAD d:/ungdung/st/stm32cubeide_1.7.0/stm32cubeide/plugins/com.st.stm32cube.ide.mcu.externaltools.gnu-tools-for-stm32.9-2020-q2-update.win32_2.0.0.202105311346/tools/bin/../lib/gcc/arm-none-eabi/9.3.1/../../../../arm-none-eabi/lib/thumb/v6-m/nofp\libnosys.a
END GROUP
LOAD d:/ungdung/st/stm32cubeide_1.7.0/stm32cubeide/plugins/com.st.stm32cube.ide.mcu.externaltools.gnu-tools-for-stm32.9-2020-q2-update.win32_2.0.0.202105311346/tools/bin/../lib/gcc/arm-none-eabi/9.3.1/thumb/v6-m/nofp/crtend.o
LOAD d:/ungdung/st/stm32cubeide_1.7.0/stm32cubeide/plugins/com.st.stm32cube.ide.mcu.externaltools.gnu-tools-for-stm32.9-2020-q2-update.win32_2.0.0.202105311346/tools/bin/../lib/gcc/arm-none-eabi/9.3.1/thumb/v6-m/nofp/crtn.o
                0x0000000020001000                _estack = (ORIGIN (RAM) + LENGTH (RAM))
                0x0000000000000200                _Min_Heap_Size = 0x200
                0x0000000000000400                _Min_Stack_Size = 0x400

.isr_vector     0x0000000008000000       0xc0
                0x0000000008000000                . = ALIGN (0x4)
 *(.isr_vector)
 .isr_vector    0x0000000008000000       0xc0 ./Core/Startup/startup_stm32f030f4px.o
                0x0000000008000000                g_pfnVectors
                0x00000000080000c0                . = ALIGN (0x4)

.text           0x00000000080000c0     0x3b2c
                0x00000000080000c0                . = ALIGN (0x4)
 *(.text)
 .text          0x00000000080000c0       0x48 d:/ungdung/st/stm32cubeide_1.7.0/stm32cubeide/plugins/com.st.stm32cube.ide.mcu.externaltools.gnu-tools-for-stm32.9-2020-q2-update.win32_2.0.0.202105311346/tools/bin/../lib/gcc/arm-none-eabi/9.3.1/thumb/v6-m/nofp/crtbegin.o
 .text          0x0000000008000108      0x114 d:/ungdung/st/stm32cubeide_1.7.0/stm32cubeide/plugins/com.st.stm32cube.ide.mcu.externaltools.gnu-tools-for-stm32.9-2020-q2-update.win32_2.0.0.202105311346/tools/bin/../lib/gcc/arm-none-eabi/9.3.1/thumb/v6-m/nofp\libgcc.a(_udivsi3.o)
                0x0000000008000108                __aeabi_uidiv
                0x0000000008000108                __udivsi3
                0x0000000008000214                __aeabi_uidivmod
 .text          0x000000000800021c      0x1d4 d:/ungdung/st/stm32cubeide_1.7.0/stm32cubeide/plugins/com.st.stm32cube.ide.mcu.externaltools.gnu-tools-for-stm32.9-2020-q2-update.win32_2.0.0.202105311346/tools/bin/../lib/gcc/arm-none-eabi/9.3.1/thumb/v6-m/nofp\libgcc.a(_divsi3.o)
                0x000000000800021c                __divsi3
                0x000000000800021c                __aeabi_idiv
                0x00000000080003e8                __aeabi_idivmod
 .text          0x00000000080003f0        0x4 d:/ungdung/st/stm32cubeide_1.7.0/stm32cubeide/plugins/com.st.stm32cube.ide.mcu.externaltools.gnu-tools-for-stm32.9-2020-q2-update.win32_2.0.0.202105311346/tools/bin/../lib/gcc/arm-none-eabi/9.3.1/thumb/v6-m/nofp\libgcc.a(_dvmd_tls.o)
                0x00000000080003f0                __aeabi_idiv0
                0x00000000080003f0                __aeabi_ldiv0
 *(.text*)
 .text.HAL_GPIO_EXTI_Callback
                0x00000000080003f4       0x28 ./Core/Src/main.o
                0x00000000080003f4                HAL_GPIO_EXTI_Callback
 .text.ring_push
                0x000000000800041c       0x98 ./Core/Src/main.o
 .text.build_tx_frame
                0x00000000080004b4      0x124 ./Core/Src/main.o
 .text.HAL_ADC_ConvCpltCallback
                0x00000000080005d8       0x20 ./Core/Src/main.o
                0x00000000080005d8                HAL_ADC_ConvCpltCallback
 .text.HAL_SPI_TxRxCpltCallback
                0x00000000080005f8       0x1c ./Core/Src/main.o
                0x00000000080005f8                HAL_SPI_TxRxCpltCallback
 .text.main     0x0000000008000614       0xf0 ./Core/Src/main.o
                0x0000000008000614                main
 .text.SystemClock_Config
                0x0000000008000704       0x86 ./Core/Src/main.o
                0x0000000008000704                SystemClock_Config
 *fill*         0x000000000800078a        0x2 
 .text.MX_ADC_Init
                0x000000000800078c       0xb4 ./Core/Src/main.o
 .text.MX_SPI1_Init
                0x0000000008000840       0x74 ./Core/Src/main.o
 .text.MX_TIM1_Init
                0x00000000080008b4       0xac ./Core/Src/main.o
 .text.MX_DMA_Init
                0x0000000008000960       0x4c ./Core/Src/main.o
 .text.MX_GPIO_Init
                0x00000000080009ac       0xc4 ./Core/Src/main.o
 .text.Error_Handler
                0x0000000008000a70        0xa ./Core/Src/main.o
                0x0000000008000a70                Error_Handler
 *fill*         0x0000000008000a7a        0x2 
 .text.HAL_MspInit
                0x0000000008000a7c       0x48 ./Core/Src/stm32f0xx_hal_msp.o
                0x0000000008000a7c                HAL_MspInit
 .text.HAL_ADC_MspInit
                0x0000000008000ac4       0xe4 ./Core/Src/stm32f0xx_hal_msp.o
                0x0000000008000ac4                HAL_ADC_MspInit
 .text.HAL_SPI_MspInit
                0x0000000008000ba8      0x154 ./Core/Src/stm32f0xx_hal_msp.o
                0x0000000008000ba8                HAL_SPI_MspInit
 .text.HAL_TIM_Base_MspInit
                0x0000000008000cfc       0x40 ./Core/Src/stm32f0xx_hal_msp.o
                0x0000000008000cfc                HAL_TIM_Base_MspInit
 .text.NMI_Handler
                0x0000000008000d3c        0x6 ./Core/Src/stm32f0xx_it.o
                0x0000000008000d3c                NMI_Handler
 .text.HardFault_Handler
                0x0000000008000d42        0x6 ./Core/Src/stm32f0xx_it.o
                0x0000000008000d42                HardFault_Handler
 .text.SVC_Handler
                0x0000000008000d48        0xa ./Core/Src/stm32f0xx_it.o
                0x0000000008000d48                SVC_Handler
 .text.PendSV_Handler
                0x0000000008000d52        0xa ./Core/Src/stm32f0xx_it.o
                0x0000000008000d52                PendSV_Handler
 .text.SysTick_Handler
                0x0000000008000d5c        0xe ./Core/Src/stm32f0xx_it.o
                0x0000000008000d5c                SysTick_Handler
 .text.EXTI0_1_IRQHandler
                0x0000000008000d6a       0x10 ./Core/Src/stm32f0xx_it.o
                0x0000000008000d6a                EXTI0_1_IRQHandler
 *fill*         0x0000000008000d7a        0x2 
 .text.DMA1_Channel1_IRQHandler
                0x0000000008000d7c       0x18 ./Core/Src/stm32f0xx_it.o
                0x0000000008000d7c                DMA1_Channel1_IRQHandler
 .text.DMA1_Channel2_3_IRQHandler
                0x0000000008000d94       0x24 ./Core/Src/stm32f0xx_it.o
                0x0000000008000d94                DMA1_Channel2_3_IRQHandler
 .text.SPI1_IRQHandler
                0x0000000008000db8       0x18 ./Core/Src/stm32f0xx_it.o
                0x0000000008000db8                SPI1_IRQHandler
 .text.SystemInit
                0x0000000008000dd0        0xa ./Core/Src/system_stm32f0xx.o
                0x0000000008000dd0                SystemInit
 *fill*         0x0000000008000dda        0x2 
 .text.Reset_Handler
                0x0000000008000ddc       0x50 ./Core/Startup/startup_stm32f030f4px.o
                0x0000000008000ddc                Reset_Handler
 .text.Default_Handler
                0x0000000008000e2c        0x2 ./Core/Startup/startup_stm32f030f4px.o
                0x0000000008000e2c                TIM1_CC_IRQHandler
                0x0000000008000e2c                I2C1_IRQHandler
                0x0000000008000e2c                EXTI2_3_IRQHandler
                0x0000000008000e2c                ADC1_IRQHandler
                0x0000000008000e2c                TIM17_IRQHandler
                0x0000000008000e2c                RTC_IRQHandler
                0x0000000008000e2c                TIM16_IRQHandler
                0x0000000008000e2c                TIM3_IRQHandler
                0x0000000008000e2c                EXTI4_15_IRQHandler
                0x0000000008000e2c                RCC_IRQHandler
                0x0000000008000e2c                Default_Handler
                0x0000000008000e2c                TIM14_IRQHandler
                0x0000000008000e2c                DMA1_Channel4_5_IRQHandler
                0x0000000008000e2c                WWDG_IRQHandler
                0x0000000008000e2c                FLASH_IRQHandler
                0x0000000008000e2c                USART1_IRQHandler
                0x0000000008000e2c                TIM1_BRK_UP_TRG_COM_IRQHandler
 *fill*         0x0000000008000e2e        0x2 
 .text.HAL_Init
                0x0000000008000e30       0x28 ./Drivers/STM32F0xx_HAL_Driver/Src/stm32f0xx_hal.o
                0x0000000008000e30                HAL_Init
 .text.HAL_InitTick
                0x0000000008000e58       0x68 ./Drivers/STM32F0xx_HAL_Driver/Src/stm32f0xx_hal.o
                0x0000000008000e58                HAL_InitTick
 .text.HAL_IncTick
                0x0000000008000ec0       0x24 ./Drivers/STM32F0xx_HAL_Driver/Src/stm32f0xx_hal.o
                0x0000000008000ec0                HAL_IncTick
 .text.HAL_GetTick
                0x0000000008000ee4       0x14 ./Drivers/STM32F0xx_HAL_Driver/Src/stm32f0xx_hal.o
                0x0000000008000ee4                HAL_GetTick
 .text.HAL_ADC_Init
                0x0000000008000ef8      0x280 ./Drivers/STM32F0xx_HAL_Driver/Src/stm32f0xx_hal_adc.o
                0x0000000008000ef8                HAL_ADC_Init
 .text.HAL_ADC_Start_DMA
                0x0000000008001178      0x104 ./Drivers/STM32F0xx_HAL_Driver/Src/stm32f0xx_hal_adc.o
                0x0000000008001178                HAL_ADC_Start_DMA
 .text.HAL_ADC_ConvHalfCpltCallback
                0x000000000800127c       0x10 ./Drivers/STM32F0xx_HAL_Driver/Src/stm32f0xx_hal_adc.o
                0x000000000800127c                HAL_ADC_ConvHalfCpltCallback
 .text.HAL_ADC_ErrorCallback
                0x000000000800128c       0x10 ./Drivers/STM32F0xx_HAL_Driver/Src/stm32f0xx_hal_adc.o
                0x000000000800128c                HAL_ADC_ErrorCallback
 .text.HAL_ADC_ConfigChannel
                0x000000000800129c      0x1ec ./Drivers/STM32F0xx_HAL_Driver/Src/stm32f0xx_hal_adc.o
                0x000000000800129c                HAL_ADC_ConfigChannel
 .text.ADC_Enable
                0x0000000008001488      0x108 ./Drivers/STM32F0xx_HAL_Driver/Src/stm32f0xx_hal_adc.o
 .text.ADC_DMAConvCplt
                0x0000000008001590       0xb4 ./Drivers/STM32F0xx_HAL_Driver/Src/stm32f0xx_hal_adc.o
 .text.ADC_DMAHalfConvCplt
                0x0000000008001644       0x1e ./Drivers/STM32F0xx_HAL_Driver/Src/stm32f0xx_hal_adc.o
 .text.ADC_DMAError
                0x0000000008001662       0x36 ./Drivers/STM32F0xx_HAL_Driver/Src/stm32f0xx_hal_adc.o
 .text.HAL_ADCEx_Calibration_Start
                0x0000000008001698      0x150 ./Drivers/STM32F0xx_HAL_Driver/Src/stm32f0xx_hal_adc_ex.o
                0x0000000008001698                HAL_ADCEx_Calibration_Start
 .text.__NVIC_EnableIRQ
                0x00000000080017e8       0x34 ./Drivers/STM32F0xx_HAL_Driver/Src/stm32f0xx_hal_cortex.o
 .text.__NVIC_SetPriority
                0x000000000800181c       0xdc ./Drivers/STM32F0xx_HAL_Driver/Src/stm32f0xx_hal_cortex.o
 .text.SysTick_Config
                0x00000000080018f8       0x48 ./Drivers/STM32F0xx_HAL_Driver/Src/stm32f0xx_hal_cortex.o
 .text.HAL_NVIC_SetPriority
                0x0000000008001940       0x2a ./Drivers/STM32F0xx_HAL_Driver/Src/stm32f0xx_hal_cortex.o
                0x0000000008001940                HAL_NVIC_SetPriority
 .text.HAL_NVIC_EnableIRQ
                0x000000000800196a       0x20 ./Drivers/STM32F0xx_HAL_Driver/Src/stm32f0xx_hal_cortex.o
                0x000000000800196a                HAL_NVIC_EnableIRQ
 .text.HAL_SYSTICK_Config
                0x000000000800198a       0x1a ./Drivers/STM32F0xx_HAL_Driver/Src/stm32f0xx_hal_cortex.o
                0x000000000800198a                HAL_SYSTICK_Config
 .text.HAL_DMA_Init
                0x00000000080019a4       0x90 ./Drivers/STM32F0xx_HAL_Driver/Src/stm32f0xx_hal_dma.o
                0x00000000080019a4                HAL_DMA_Init
 .text.HAL_DMA_Start_IT
                0x0000000008001a34       0xcc ./Drivers/STM32F0xx_HAL_Driver/Src/stm32f0xx_hal_dma.o
                0x0000000008001a34                HAL_DMA_Start_IT
 .text.HAL_DMA_Abort_IT
                0x0000000008001b00       0x8a ./Drivers/STM32F0xx_HAL_Driver/Src/stm32f0xx_hal_dma.o
                0x0000000008001b00                HAL_DMA_Abort_IT
 .text.HAL_DMA_IRQHandler
                0x0000000008001b8a      0x144 ./Drivers/STM32F0xx_HAL_Driver/Src/stm32f0xx_hal_dma.o
                0x0000000008001b8a                HAL_DMA_IRQHandler
 .text.DMA_SetConfig
                0x0000000008001cce       0x58 ./Drivers/STM32F0xx_HAL_Driver/Src/stm32f0xx_hal_dma.o
 *fill*         0x0000000008001d26        0x2 
 .text.DMA_CalcBaseAndBitshift
                0x0000000008001d28       0x38 ./Drivers/STM32F0xx_HAL_Driver/Src/stm32f0xx_hal_dma.o
 .text.HAL_GPIO_Init
                0x0000000008001d60      0x2e0 ./Drivers/STM32F0xx_HAL_Driver/Src/stm32f0xx_hal_gpio.o
                0x0000000008001d60                HAL_GPIO_Init
 .text.HAL_GPIO_WritePin
                0x0000000008002040       0x3a ./Drivers/STM32F0xx_HAL_Driver/Src/stm32f0xx_hal_gpio.o
                0x0000000008002040                HAL_GPIO_WritePin
 *fill*         0x000000000800207a        0x2 
 .text.HAL_GPIO_EXTI_IRQHandler
                0x000000000800207c       0x38 ./Drivers/STM32F0xx_HAL_Driver/Src/stm32f0xx_hal_gpio.o
                0x000000000800207c                HAL_GPIO_EXTI_IRQHandler
 .text.HAL_RCC_OscConfig
                0x00000000080020b4      0x634 ./Drivers/STM32F0xx_HAL_Driver/Src/stm32f0xx_hal_rcc.o
                0x00000000080020b4                HAL_RCC_OscConfig
 .text.HAL_RCC_ClockConfig
                0x00000000080026e8      0x19c ./Drivers/STM32F0xx_HAL_Driver/Src/stm32f0xx_hal_rcc.o
                0x00000000080026e8                HAL_RCC_ClockConfig
 .text.HAL_RCC_GetSysClockFreq
                0x0000000008002884       0xac ./Drivers/STM32F0xx_HAL_Driver/Src/stm32f0xx_hal_rcc.o
                0x0000000008002884                HAL_RCC_GetSysClockFreq
 .text.HAL_SPI_Init
                0x0000000008002930      0x170 ./Drivers/STM32F0xx_HAL_Driver/Src/stm32f0xx_hal_spi.o
                0x0000000008002930                HAL_SPI_Init
 .text.HAL_SPI_TransmitReceive_DMA
                0x0000000008002aa0      0x378 ./Drivers/STM32F0xx_HAL_Driver/Src/stm32f0xx_hal_spi.o
                0x0000000008002aa0                HAL_SPI_TransmitReceive_DMA
 .text.HAL_SPI_IRQHandler
                0x0000000008002e18      0x1fc ./Drivers/STM32F0xx_HAL_Driver/Src/stm32f0xx_hal_spi.o
                0x0000000008002e18                HAL_SPI_IRQHandler
 .text.HAL_SPI_RxCpltCallback
                0x0000000008003014       0x10 ./Drivers/STM32F0xx_HAL_Driver/Src/stm32f0xx_hal_spi.o
                0x0000000008003014                HAL_SPI_RxCpltCallback
 .text.HAL_SPI_RxHalfCpltCallback
                0x0000000008003024       0x10 ./Drivers/STM32F0xx_HAL_Driver/Src/stm32f0xx_hal_spi.o
                0x0000000008003024                HAL_SPI_RxHalfCpltCallback
 .text.HAL_SPI_TxRxHalfCpltCallback
                0x0000000008003034       0x10 ./Drivers/STM32F0xx_HAL_Driver/Src/stm32f0xx_hal_spi.o
                0x0000000008003034                HAL_SPI_TxRxHalfCpltCallback
 .text.HAL_SPI_ErrorCallback
                0x0000000008003044       0x10 ./Drivers/STM32F0xx_HAL_Driver/Src/stm32f0xx_hal_spi.o
                0x0000000008003044                HAL_SPI_ErrorCallback
 .text.SPI_DMAReceiveCplt
                0x0000000008003054       0xb0 ./Drivers/STM32F0xx_HAL_Driver/Src/stm32f0xx_hal_spi.o
 .text.SPI_DMATransmitReceiveCplt
                0x0000000008003104       0x96 ./Drivers/STM32F0xx_HAL_Driver/Src/stm32f0xx_hal_spi.o
 .text.SPI_DMAHalfReceiveCplt
                0x000000000800319a       0x1e ./Drivers/STM32F0xx_HAL_Driver/Src/stm32f0xx_hal_spi.o
 .text.SPI_DMAHalfTransmitReceiveCplt
                0x00000000080031b8       0x1e ./Drivers/STM32F0xx_HAL_Driver/Src/stm32f0xx_hal_spi.o
 .text.SPI_DMAError
                0x00000000080031d6       0x42 ./Drivers/STM32F0xx_HAL_Driver/Src/stm32f0xx_hal_spi.o
 .text.SPI_DMAAbortOnError
                0x0000000008003218       0x2c ./Drivers/STM32F0xx_HAL_Driver/Src/stm32f0xx_hal_spi.o
 .text.SPI_WaitFlagStateUntilTimeout
                0x0000000008003244      0x11c ./Drivers/STM32F0xx_HAL_Driver/Src/stm32f0xx_hal_spi.o
 .text.SPI_WaitFifoStateUntilTimeout
                0x0000000008003360      0x144 ./Drivers/STM32F0xx_HAL_Driver/Src/stm32f0xx_hal_spi.o
 .text.SPI_EndRxTransaction
                0x00000000080034a4       0xbc ./Drivers/STM32F0xx_HAL_Driver/Src/stm32f0xx_hal_spi.o
 .text.SPI_EndRxTxTransaction
                0x0000000008003560       0x8c ./Drivers/STM32F0xx_HAL_Driver/Src/stm32f0xx_hal_spi.o
 .text.HAL_TIM_Base_Init
                0x00000000080035ec       0xa0 ./Drivers/STM32F0xx_HAL_Driver/Src/stm32f0xx_hal_tim.o
                0x00000000080035ec                HAL_TIM_Base_Init
 .text.HAL_TIM_Base_Start
                0x000000000800368c       0x7c ./Drivers/STM32F0xx_HAL_Driver/Src/stm32f0xx_hal_tim.o
                0x000000000800368c                HAL_TIM_Base_Start
 .text.HAL_TIM_ConfigClockSource
                0x0000000008003708      0x1a8 ./Drivers/STM32F0xx_HAL_Driver/Src/stm32f0xx_hal_tim.o
                0x0000000008003708                HAL_TIM_ConfigClockSource
 .text.TIM_Base_SetConfig
                0x00000000080038b0       0xf4 ./Drivers/STM32F0xx_HAL_Driver/Src/stm32f0xx_hal_tim.o
                0x00000000080038b0                TIM_Base_SetConfig
 .text.TIM_TI1_ConfigInputStage
                0x00000000080039a4       0x5c ./Drivers/STM32F0xx_HAL_Driver/Src/stm32f0xx_hal_tim.o
 .text.TIM_TI2_ConfigInputStage
                0x0000000008003a00       0x64 ./Drivers/STM32F0xx_HAL_Driver/Src/stm32f0xx_hal_tim.o
 .text.TIM_ITRx_SetConfig
                0x0000000008003a64       0x32 ./Drivers/STM32F0xx_HAL_Driver/Src/stm32f0xx_hal_tim.o
 *fill*         0x0000000008003a96        0x2 
 .text.TIM_ETR_SetConfig
                0x0000000008003a98       0x40 ./Drivers/STM32F0xx_HAL_Driver/Src/stm32f0xx_hal_tim.o
                0x0000000008003a98                TIM_ETR_SetConfig
 .text.HAL_TIMEx_MasterConfigSynchronization
                0x0000000008003ad8       0xa4 ./Drivers/STM32F0xx_HAL_Driver/Src/stm32f0xx_hal_tim_ex.o
                0x0000000008003ad8                HAL_TIMEx_MasterConfigSynchronization
 .text.__libc_init_array
                0x0000000008003b7c       0x48 d:/ungdung/st/stm32cubeide_1.7.0/stm32cubeide/plugins/com.st.stm32cube.ide.mcu.externaltools.gnu-tools-for-stm32.9-2020-q2-update.win32_2.0.0.202105311346/tools/bin/../lib/gcc/arm-none-eabi/9.3.1/../../../../arm-none-eabi/lib/thumb/v6-m/nofp\libc_nano.a(lib_a-init.o)
                0x0000000008003b7c                __libc_init_array
 .text.memset   0x0000000008003bc4       0x10 d:/ungdung/st/stm32cubeide_1.7.0/stm32cubeide/plugins/com.st.stm32cube.ide.mcu.externaltools.gnu-tools-for-stm32.9-2020-q2-update.win32_2.0.0.202105311346/tools/bin/../lib/gcc/arm-none-eabi/9.3.1/../../../../arm-none-eabi/lib/thumb/v6-m/nofp\libc_nano.a(lib_a-memset.o)
                0x0000000008003bc4                memset
 *(.glue_7)
 .glue_7        0x0000000008003bd4        0x0 linker stubs
 *(.glue_7t)
 .glue_7t       0x0000000008003bd4        0x0 linker stubs
 *(.eh_frame)
 .eh_frame      0x0000000008003bd4        0x0 d:/ungdung/st/stm32cubeide_1.7.0/stm32cubeide/plugins/com.st.stm32cube.ide.mcu.externaltools.gnu-tools-for-stm32.9-2020-q2-update.win32_2.0.0.202105311346/tools/bin/../lib/gcc/arm-none-eabi/9.3.1/thumb/v6-m/nofp/crtbegin.o
 *(.init)
 .init          0x0000000008003bd4        0x4 d:/ungdung/st/stm32cubeide_1.7.0/stm32cubeide/plugins/com.st.stm32cube.ide.mcu.externaltools.gnu-tools-for-stm32.9-2020-q2-update.win32_2.0.0.202105311346/tools/bin/../lib/gcc/arm-none-eabi/9.3.1/thumb/v6-m/nofp/crti.o
                0x0000000008003bd4                _init
 .init          0x0000000008003bd8        0x8 d:/ungdung/st/stm32cubeide_1.7.0/stm32cubeide/plugins/com.st.stm32cube.ide.mcu.externaltools.gnu-tools-for-stm32.9-2020-q2-update.win32_2.0.0.202105311346/tools/bin/../lib/gcc/arm-none-eabi/9.3.1/thumb/v6-m/nofp/crtn.o
 *(.fini)
 .fini          0x0000000008003be0        0x4 d:/ungdung/st/stm32cubeide_1.7.0/stm32cubeide/plugins/com.st.stm32cube.ide.mcu.externaltools.gnu-tools-for-stm32.9-2020-q2-update.win32_2.0.0.202105311346/tools/bin/../lib/gcc/arm-none-eabi/9.3.1/thumb/v6-m/nofp/crti.o
                0x0000000008003be0                _fini
 .fini          0x0000000008003be4        0x8 d:/ungdung/st/stm32cubeide_1.7.0/stm32cubeide/plugins/com.st.stm32cube.ide.mcu.externaltools.gnu-tools-for-stm32.9-2020-q2-update.win32_2.0.0.202105311346/tools/bin/../lib/gcc/arm-none-eabi/9.3.1/thumb/v6-m/nofp/crtn.o
                0x0000000008003bec                . = ALIGN (0x4)
                0x0000000008003bec                _etext = .

.vfp11_veneer   0x0000000008003bec        0x0
 .vfp11_veneer  0x0000000008003bec        0x0 linker stubs

.v4_bx          0x0000000008003bec        0x0
 .v4_bx         0x0000000008003bec        0x0 linker stubs

.iplt           0x0000000008003bec        0x0
 .iplt          0x0000000008003bec        0x0 d:/ungdung/st/stm32cubeide_1.7.0/stm32cubeide/plugins/com.st.stm32cube.ide.mcu.externaltools.gnu-tools-for-stm32.9-2020-q2-update.win32_2.0.0.202105311346/tools/bin/../lib/gcc/arm-none-eabi/9.3.1/thumb/v6-m/nofp/crtbegin.o

.rodata         0x0000000008003bec       0x30
                0x0000000008003bec                . = ALIGN (0x4)
 *(.rodata)
 *(.rodata*)
 .rodata.AHBPrescTable
                0x0000000008003bec       0x10 ./Core/Src/system_stm32f0xx.o
                0x0000000008003bec                AHBPrescTable
 .rodata.aPLLMULFactorTable.6176
                0x0000000008003bfc       0x10 ./Drivers/STM32F0xx_HAL_Driver/Src/stm32f0xx_hal_rcc.o
 .rodata.aPredivFactorTable.6177
                0x0000000008003c0c       0x10 ./Drivers/STM32F0xx_HAL_Driver/Src/stm32f0xx_hal_rcc.o
                0x0000000008003c1c                . = ALIGN (0x4)

.rel.dyn        0x0000000008003c1c        0x0
 .rel.iplt      0x0000000008003c1c        0x0 d:/ungdung/st/stm32cubeide_1.7.0/stm32cubeide/plugins/com.st.stm32cube.ide.mcu.externaltools.gnu-tools-for-stm32.9-2020-q2-update.win32_2.0.0.202105311346/tools/bin/../lib/gcc/arm-none-eabi/9.3.1/thumb/v6-m/nofp/crtbegin.o

.ARM.extab      0x0000000008003c1c        0x0
                0x0000000008003c1c                . = ALIGN (0x4)
 *(.ARM.extab* .gnu.linkonce.armextab.*)
                0x0000000008003c1c                . = ALIGN (0x4)

.ARM            0x0000000008003c1c        0x0
                0x0000000008003c1c                . = ALIGN (0x4)
                0x0000000008003c1c                __exidx_start = .
 *(.ARM.exidx*)
                0x0000000008003c1c                __exidx_end = .
                0x0000000008003c1c                . = ALIGN (0x4)

.preinit_array  0x0000000008003c1c        0x0
                0x0000000008003c1c                . = ALIGN (0x4)
                0x0000000008003c1c                PROVIDE (__preinit_array_start = .)
 *(.preinit_array*)
                0x0000000008003c1c                PROVIDE (__preinit_array_end = .)
                0x0000000008003c1c                . = ALIGN (0x4)

.init_array     0x0000000008003c1c        0x4
                0x0000000008003c1c                . = ALIGN (0x4)
                0x0000000008003c1c                PROVIDE (__init_array_start = .)
 *(SORT_BY_NAME(.init_array.*))
 *(.init_array*)
 .init_array    0x0000000008003c1c        0x4 d:/ungdung/st/stm32cubeide_1.7.0/stm32cubeide/plugins/com.st.stm32cube.ide.mcu.externaltools.gnu-tools-for-stm32.9-2020-q2-update.win32_2.0.0.202105311346/tools/bin/../lib/gcc/arm-none-eabi/9.3.1/thumb/v6-m/nofp/crtbegin.o
                0x0000000008003c20                PROVIDE (__init_array_end = .)
                0x0000000008003c20                . = ALIGN (0x4)

.fini_array     0x0000000008003c20        0x4
                0x0000000008003c20                . = ALIGN (0x4)
                [!provide]                        PROVIDE (__fini_array_start = .)
 *(SORT_BY_NAME(.fini_array.*))
 *(.fini_array*)
 .fini_array    0x0000000008003c20        0x4 d:/ungdung/st/stm32cubeide_1.7.0/stm32cubeide/plugins/com.st.stm32cube.ide.mcu.externaltools.gnu-tools-for-stm32.9-2020-q2-update.win32_2.0.0.202105311346/tools/bin/../lib/gcc/arm-none-eabi/9.3.1/thumb/v6-m/nofp/crtbegin.o
                [!provide]                        PROVIDE (__fini_array_end = .)
                0x0000000008003c24                . = ALIGN (0x4)
                0x0000000008003c24                _sidata = LOADADDR (.data)

.data           0x0000000020000000       0x14 load address 0x0000000008003c24
                0x0000000020000000                . = ALIGN (0x4)
                0x0000000020000000                _sdata = .
 *(.data)
 *(.data*)
 .data.tx_active
                0x0000000020000000        0x4 ./Core/Src/main.o
                0x0000000020000000                tx_active
 .data.tx_build
                0x0000000020000004        0x4 ./Core/Src/main.o
                0x0000000020000004                tx_build
 .data.SystemCoreClock
                0x0000000020000008        0x4 ./Core/Src/system_stm32f0xx.o
                0x0000000020000008                SystemCoreClock
 .data.uwTickPrio
                0x000000002000000c        0x4 ./Drivers/STM32F0xx_HAL_Driver/Src/stm32f0xx_hal.o
                0x000000002000000c                uwTickPrio
 .data.uwTickFreq
                0x0000000020000010        0x1 ./Drivers/STM32F0xx_HAL_Driver/Src/stm32f0xx_hal.o
                0x0000000020000010                uwTickFreq
 *(.RamFunc)
 *(.RamFunc*)
                0x0000000020000014                . = ALIGN (0x4)
 *fill*         0x0000000020000011        0x3 
                0x0000000020000014                _edata = .

.igot.plt       0x0000000020000014        0x0 load address 0x0000000008003c38
 .igot.plt      0x0000000020000014        0x0 d:/ungdung/st/stm32cubeide_1.7.0/stm32cubeide/plugins/com.st.stm32cube.ide.mcu.externaltools.gnu-tools-for-stm32.9-2020-q2-update.win32_2.0.0.202105311346/tools/bin/../lib/gcc/arm-none-eabi/9.3.1/thumb/v6-m/nofp/crtbegin.o
                0x0000000020000014                . = ALIGN (0x4)

.bss            0x0000000020000014      0x834 load address 0x0000000008003c38
                0x0000000020000014                _sbss = .
                0x0000000020000014                __bss_start__ = _sbss
 *(.bss)
 .bss           0x0000000020000014       0x1c d:/ungdung/st/stm32cubeide_1.7.0/stm32cubeide/plugins/com.st.stm32cube.ide.mcu.externaltools.gnu-tools-for-stm32.9-2020-q2-update.win32_2.0.0.202105311346/tools/bin/../lib/gcc/arm-none-eabi/9.3.1/thumb/v6-m/nofp/crtbegin.o
 *(.bss*)
 .bss.head      0x0000000020000030        0x2 ./Core/Src/main.o
                0x0000000020000030                head
 .bss.tail      0x0000000020000032        0x2 ./Core/Src/main.o
                0x0000000020000032                tail
 .bss.ring_count
                0x0000000020000034        0x2 ./Core/Src/main.o
                0x0000000020000034                ring_count
 .bss.spi_done  0x0000000020000036        0x1 ./Core/Src/main.o
                0x0000000020000036                spi_done
 *fill*         0x0000000020000037        0x1 
 .bss.frame_id  0x0000000020000038        0x4 ./Core/Src/main.o
 .bss.start_adc
                0x000000002000003c        0x1 ./Core/Src/main.o
                0x000000002000003c                start_adc
 *fill*         0x000000002000003d        0x3 
 .bss.ring_overwrite
                0x0000000020000040        0x4 ./Core/Src/main.o
                0x0000000020000040                ring_overwrite
 *(COMMON)
 COMMON         0x0000000020000044      0x7fd ./Core/Src/main.o
                0x0000000020000044                adc_dma_buf
                0x0000000020000048                rx
                0x00000000200000b4                tx_buf1
                0x0000000020000120                htim1
                0x0000000020000168                hspi1
                0x00000000200001cc                hdma_spi1_rx
                0x0000000020000210                ring
                0x0000000020000710                hdma_adc
                0x0000000020000754                hadc
                0x0000000020000794                hdma_spi1_tx
                0x00000000200007d8                tx_buf0
 *fill*         0x0000000020000841        0x3 
 COMMON         0x0000000020000844        0x4 ./Drivers/STM32F0xx_HAL_Driver/Src/stm32f0xx_hal.o
                0x0000000020000844                uwTick
                0x0000000020000848                . = ALIGN (0x4)
                0x0000000020000848                _ebss = .
                0x0000000020000848                __bss_end__ = _ebss

._user_heap_stack
                0x0000000020000848      0x600 load address 0x0000000008003c38
                0x0000000020000848                . = ALIGN (0x8)
                [!provide]                        PROVIDE (end = .)
                0x0000000020000848                PROVIDE (_end = .)
                0x0000000020000a48                . = (. + _Min_Heap_Size)
 *fill*         0x0000000020000848      0x200 
                0x0000000020000e48                . = (. + _Min_Stack_Size)
 *fill*         0x0000000020000a48      0x400 
                0x0000000020000e48                . = ALIGN (0x8)

/DISCARD/
 libc.a(*)
 libm.a(*)
 libgcc.a(*)

.ARM.attributes
                0x0000000000000000       0x28
 *(.ARM.attributes)
 .ARM.attributes
                0x0000000000000000       0x1e d:/ungdung/st/stm32cubeide_1.7.0/stm32cubeide/plugins/com.st.stm32cube.ide.mcu.externaltools.gnu-tools-for-stm32.9-2020-q2-update.win32_2.0.0.202105311346/tools/bin/../lib/gcc/arm-none-eabi/9.3.1/thumb/v6-m/nofp/crti.o
 .ARM.attributes
                0x000000000000001e       0x2c d:/ungdung/st/stm32cubeide_1.7.0/stm32cubeide/plugins/com.st.stm32cube.ide.mcu.externaltools.gnu-tools-for-stm32.9-2020-q2-update.win32_2.0.0.202105311346/tools/bin/../lib/gcc/arm-none-eabi/9.3.1/thumb/v6-m/nofp/crtbegin.o
 .ARM.attributes
                0x000000000000004a       0x2c ./Core/Src/main.o
 .ARM.attributes
                0x0000000000000076       0x2c ./Core/Src/stm32f0xx_hal_msp.o
 .ARM.attributes
                0x00000000000000a2       0x2c ./Core/Src/stm32f0xx_it.o
 .ARM.attributes
                0x00000000000000ce       0x2c ./Core/Src/system_stm32f0xx.o
 .ARM.attributes
                0x00000000000000fa       0x21 ./Core/Startup/startup_stm32f030f4px.o
 .ARM.attributes
                0x000000000000011b       0x2c ./Drivers/STM32F0xx_HAL_Driver/Src/stm32f0xx_hal.o
 .ARM.attributes
                0x0000000000000147       0x2c ./Drivers/STM32F0xx_HAL_Driver/Src/stm32f0xx_hal_adc.o
 .ARM.attributes
                0x0000000000000173       0x2c ./Drivers/STM32F0xx_HAL_Driver/Src/stm32f0xx_hal_adc_ex.o
 .ARM.attributes
                0x000000000000019f       0x2c ./Drivers/STM32F0xx_HAL_Driver/Src/stm32f0xx_hal_cortex.o
 .ARM.attributes
                0x00000000000001cb       0x2c ./Drivers/STM32F0xx_HAL_Driver/Src/stm32f0xx_hal_dma.o
 .ARM.attributes
                0x00000000000001f7       0x2c ./Drivers/STM32F0xx_HAL_Driver/Src/stm32f0xx_hal_gpio.o
 .ARM.attributes
                0x0000000000000223       0x2c ./Drivers/STM32F0xx_HAL_Driver/Src/stm32f0xx_hal_rcc.o
 .ARM.attributes
                0x000000000000024f       0x2c ./Drivers/STM32F0xx_HAL_Driver/Src/stm32f0xx_hal_spi.o
 .ARM.attributes
                0x000000000000027b       0x2c ./Drivers/STM32F0xx_HAL_Driver/Src/stm32f0xx_hal_tim.o
 .ARM.attributes
                0x00000000000002a7       0x2c ./Drivers/STM32F0xx_HAL_Driver/Src/stm32f0xx_hal_tim_ex.o
 .ARM.attributes
                0x00000000000002d3       0x2c d:/ungdung/st/stm32cubeide_1.7.0/stm32cubeide/plugins/com.st.stm32cube.ide.mcu.externaltools.gnu-tools-for-stm32.9-2020-q2-update.win32_2.0.0.202105311346/tools/bin/../lib/gcc/arm-none-eabi/9.3.1/../../../../arm-none-eabi/lib/thumb/v6-m/nofp\libc_nano.a(lib_a-init.o)
 .ARM.attributes
                0x00000000000002ff       0x2c d:/ungdung/st/stm32cubeide_1.7.0/stm32cubeide/plugins/com.st.stm32cube.ide.mcu.externaltools.gnu-tools-for-stm32.9-2020-q2-update.win32_2.0.0.202105311346/tools/bin/../lib/gcc/arm-none-eabi/9.3.1/../../../../arm-none-eabi/lib/thumb/v6-m/nofp\libc_nano.a(lib_a-memset.o)
 .ARM.attributes
                0x000000000000032b       0x1e d:/ungdung/st/stm32cubeide_1.7.0/stm32cubeide/plugins/com.st.stm32cube.ide.mcu.externaltools.gnu-tools-for-stm32.9-2020-q2-update.win32_2.0.0.202105311346/tools/bin/../lib/gcc/arm-none-eabi/9.3.1/thumb/v6-m/nofp\libgcc.a(_udivsi3.o)
 .ARM.attributes
                0x0000000000000349       0x1e d:/ungdung/st/stm32cubeide_1.7.0/stm32cubeide/plugins/com.st.stm32cube.ide.mcu.externaltools.gnu-tools-for-stm32.9-2020-q2-update.win32_2.0.0.202105311346/tools/bin/../lib/gcc/arm-none-eabi/9.3.1/thumb/v6-m/nofp\libgcc.a(_divsi3.o)
 .ARM.attributes
                0x0000000000000367       0x1e d:/ungdung/st/stm32cubeide_1.7.0/stm32cubeide/plugins/com.st.stm32cube.ide.mcu.externaltools.gnu-tools-for-stm32.9-2020-q2-update.win32_2.0.0.202105311346/tools/bin/../lib/gcc/arm-none-eabi/9.3.1/thumb/v6-m/nofp\libgcc.a(_dvmd_tls.o)
 .ARM.attributes
                0x0000000000000385       0x1e d:/ungdung/st/stm32cubeide_1.7.0/stm32cubeide/plugins/com.st.stm32cube.ide.mcu.externaltools.gnu-tools-for-stm32.9-2020-q2-update.win32_2.0.0.202105311346/tools/bin/../lib/gcc/arm-none-eabi/9.3.1/thumb/v6-m/nofp/crtn.o
OUTPUT(Vol_SPI.elf elf32-littlearm)
LOAD linker stubs
LOAD d:/ungdung/st/stm32cubeide_1.7.0/stm32cubeide/plugins/com.st.stm32cube.ide.mcu.externaltools.gnu-tools-for-stm32.9-2020-q2-update.win32_2.0.0.202105311346/tools/bin/../lib/gcc/arm-none-eabi/9.3.1/../../../../arm-none-eabi/lib/thumb/v6-m/nofp\libc.a
LOAD d:/ungdung/st/stm32cubeide_1.7.0/stm32cubeide/plugins/com.st.stm32cube.ide.mcu.externaltools.gnu-tools-for-stm32.9-2020-q2-update.win32_2.0.0.202105311346/tools/bin/../lib/gcc/arm-none-eabi/9.3.1/../../../../arm-none-eabi/lib/thumb/v6-m/nofp\libm.a
LOAD d:/ungdung/st/stm32cubeide_1.7.0/stm32cubeide/plugins/com.st.stm32cube.ide.mcu.externaltools.gnu-tools-for-stm32.9-2020-q2-update.win32_2.0.0.202105311346/tools/bin/../lib/gcc/arm-none-eabi/9.3.1/thumb/v6-m/nofp\libgcc.a

.debug_info     0x0000000000000000     0xca34
 .debug_info    0x0000000000000000     0x1d2e ./Core/Src/main.o
 .debug_info    0x0000000000001d2e     0x106a ./Core/Src/stm32f0xx_hal_msp.o
 .debug_info    0x0000000000002d98      0x715 ./Core/Src/stm32f0xx_it.o
 .debug_info    0x00000000000034ad      0x2c3 ./Core/Src/system_stm32f0xx.o
 .debug_info    0x0000000000003770       0x22 ./Core/Startup/startup_stm32f030f4px.o
 .debug_info    0x0000000000003792      0x6be ./Drivers/STM32F0xx_HAL_Driver/Src/stm32f0xx_hal.o
 .debug_info    0x0000000000003e50      0xd82 ./Drivers/STM32F0xx_HAL_Driver/Src/stm32f0xx_hal_adc.o
 .debug_info    0x0000000000004bd2      0x65c ./Drivers/STM32F0xx_HAL_Driver/Src/stm32f0xx_hal_adc_ex.o
 .debug_info    0x000000000000522e      0x7a0 ./Drivers/STM32F0xx_HAL_Driver/Src/stm32f0xx_hal_cortex.o
 .debug_info    0x00000000000059ce      0x80a ./Drivers/STM32F0xx_HAL_Driver/Src/stm32f0xx_hal_dma.o
 .debug_info    0x00000000000061d8      0x6d3 ./Drivers/STM32F0xx_HAL_Driver/Src/stm32f0xx_hal_gpio.o
 .debug_info    0x00000000000068ab      0x891 ./Drivers/STM32F0xx_HAL_Driver/Src/stm32f0xx_hal_rcc.o
 .debug_info    0x000000000000713c     0x17a9 ./Drivers/STM32F0xx_HAL_Driver/Src/stm32f0xx_hal_spi.o
 .debug_info    0x00000000000088e5     0x2c01 ./Drivers/STM32F0xx_HAL_Driver/Src/stm32f0xx_hal_tim.o
 .debug_info    0x000000000000b4e6     0x154e ./Drivers/STM32F0xx_HAL_Driver/Src/stm32f0xx_hal_tim_ex.o

.debug_abbrev   0x0000000000000000     0x1d71
 .debug_abbrev  0x0000000000000000      0x32f ./Core/Src/main.o
 .debug_abbrev  0x000000000000032f      0x206 ./Core/Src/stm32f0xx_hal_msp.o
 .debug_abbrev  0x0000000000000535      0x174 ./Core/Src/stm32f0xx_it.o
 .debug_abbrev  0x00000000000006a9      0x145 ./Core/Src/system_stm32f0xx.o
 .debug_abbrev  0x00000000000007ee       0x12 ./Core/Startup/startup_stm32f030f4px.o
 .debug_abbrev  0x0000000000000800      0x21e ./Drivers/STM32F0xx_HAL_Driver/Src/stm32f0xx_hal.o
 .debug_abbrev  0x0000000000000a1e      0x1f1 ./Drivers/STM32F0xx_HAL_Driver/Src/stm32f0xx_hal_adc.o
 .debug_abbrev  0x0000000000000c0f      0x149 ./Drivers/STM32F0xx_HAL_Driver/Src/stm32f0xx_hal_adc_ex.o
 .debug_abbrev  0x0000000000000d58      0x2a9 ./Drivers/STM32F0xx_HAL_Driver/Src/stm32f0xx_hal_cortex.o
 .debug_abbrev  0x0000000000001001      0x213 ./Drivers/STM32F0xx_HAL_Driver/Src/stm32f0xx_hal_dma.o
 .debug_abbrev  0x0000000000001214      0x1e8 ./Drivers/STM32F0xx_HAL_Driver/Src/stm32f0xx_hal_gpio.o
 .debug_abbrev  0x00000000000013fc      0x23b ./Drivers/STM32F0xx_HAL_Driver/Src/stm32f0xx_hal_rcc.o
 .debug_abbrev  0x0000000000001637      0x254 ./Drivers/STM32F0xx_HAL_Driver/Src/stm32f0xx_hal_spi.o
 .debug_abbrev  0x000000000000188b      0x26f ./Drivers/STM32F0xx_HAL_Driver/Src/stm32f0xx_hal_tim.o
 .debug_abbrev  0x0000000000001afa      0x277 ./Drivers/STM32F0xx_HAL_Driver/Src/stm32f0xx_hal_tim_ex.o

.debug_aranges  0x0000000000000000      0xc98
 .debug_aranges
                0x0000000000000000       0x80 ./Core/Src/main.o
 .debug_aranges
                0x0000000000000080       0x50 ./Core/Src/stm32f0xx_hal_msp.o
 .debug_aranges
                0x00000000000000d0       0x60 ./Core/Src/stm32f0xx_it.o
 .debug_aranges
                0x0000000000000130       0x28 ./Core/Src/system_stm32f0xx.o
 .debug_aranges
                0x0000000000000158       0x28 ./Core/Startup/startup_stm32f030f4px.o
 .debug_aranges
                0x0000000000000180       0xd0 ./Drivers/STM32F0xx_HAL_Driver/Src/stm32f0xx_hal.o
 .debug_aranges
                0x0000000000000250       0xf8 ./Drivers/STM32F0xx_HAL_Driver/Src/stm32f0xx_hal_adc.o
 .debug_aranges
                0x0000000000000348       0x20 ./Drivers/STM32F0xx_HAL_Driver/Src/stm32f0xx_hal_adc_ex.o
 .debug_aranges
                0x0000000000000368       0xc0 ./Drivers/STM32F0xx_HAL_Driver/Src/stm32f0xx_hal_cortex.o
 .debug_aranges
                0x0000000000000428       0x88 ./Drivers/STM32F0xx_HAL_Driver/Src/stm32f0xx_hal_dma.o
 .debug_aranges
                0x00000000000004b0       0x58 ./Drivers/STM32F0xx_HAL_Driver/Src/stm32f0xx_hal_gpio.o
 .debug_aranges
                0x0000000000000508       0x80 ./Drivers/STM32F0xx_HAL_Driver/Src/stm32f0xx_hal_rcc.o
 .debug_aranges
                0x0000000000000588      0x1d8 ./Drivers/STM32F0xx_HAL_Driver/Src/stm32f0xx_hal_spi.o
 .debug_aranges
                0x0000000000000760      0x3d0 ./Drivers/STM32F0xx_HAL_Driver/Src/stm32f0xx_hal_tim.o
 .debug_aranges
                0x0000000000000b30      0x168 ./Drivers/STM32F0xx_HAL_Driver/Src/stm32f0xx_hal_tim_ex.o

.debug_ranges   0x0000000000000000      0xbb0
 .debug_ranges  0x0000000000000000       0x70 ./Core/Src/main.o
 .debug_ranges  0x0000000000000070       0x40 ./Core/Src/stm32f0xx_hal_msp.o
 .debug_ranges  0x00000000000000b0       0x50 ./Core/Src/stm32f0xx_it.o
 .debug_ranges  0x0000000000000100       0x18 ./Core/Src/system_stm32f0xx.o
 .debug_ranges  0x0000000000000118       0x20 ./Core/Startup/startup_stm32f030f4px.o
 .debug_ranges  0x0000000000000138       0xc0 ./Drivers/STM32F0xx_HAL_Driver/Src/stm32f0xx_hal.o
 .debug_ranges  0x00000000000001f8       0xe8 ./Drivers/STM32F0xx_HAL_Driver/Src/stm32f0xx_hal_adc.o
 .debug_ranges  0x00000000000002e0       0x10 ./Drivers/STM32F0xx_HAL_Driver/Src/stm32f0xx_hal_adc_ex.o
 .debug_ranges  0x00000000000002f0       0xb0 ./Drivers/STM32F0xx_HAL_Driver/Src/stm32f0xx_hal_cortex.o
 .debug_ranges  0x00000000000003a0       0x78 ./Drivers/STM32F0xx_HAL_Driver/Src/stm32f0xx_hal_dma.o
 .debug_ranges  0x0000000000000418       0x48 ./Drivers/STM32F0xx_HAL_Driver/Src/stm32f0xx_hal_gpio.o
 .debug_ranges  0x0000000000000460       0x70 ./Drivers/STM32F0xx_HAL_Driver/Src/stm32f0xx_hal_rcc.o
 .debug_ranges  0x00000000000004d0      0x1c8 ./Drivers/STM32F0xx_HAL_Driver/Src/stm32f0xx_hal_spi.o
 .debug_ranges  0x0000000000000698      0x3c0 ./Drivers/STM32F0xx_HAL_Driver/Src/stm32f0xx_hal_tim.o
 .debug_ranges  0x0000000000000a58      0x158 ./Drivers/STM32F0xx_HAL_Driver/Src/stm32f0xx_hal_tim_ex.o

.debug_macro    0x0000000000000000    0x10852
 .debug_macro   0x0000000000000000      0x381 ./Core/Src/main.o
 .debug_macro   0x0000000000000381      0xa7e ./Core/Src/main.o
 .debug_macro   0x0000000000000dff      0x139 ./Core/Src/main.o
 .debug_macro   0x0000000000000f38       0x2e ./Core/Src/main.o
 .debug_macro   0x0000000000000f66       0x22 ./Core/Src/main.o
 .debug_macro   0x0000000000000f88       0x22 ./Core/Src/main.o
 .debug_macro   0x0000000000000faa       0x8e ./Core/Src/main.o
 .debug_macro   0x0000000000001038       0x51 ./Core/Src/main.o
 .debug_macro   0x0000000000001089      0x103 ./Core/Src/main.o
 .debug_macro   0x000000000000118c       0x6a ./Core/Src/main.o
 .debug_macro   0x00000000000011f6      0x1df ./Core/Src/main.o
 .debug_macro   0x00000000000013d5       0x1c ./Core/Src/main.o
 .debug_macro   0x00000000000013f1       0x22 ./Core/Src/main.o
 .debug_macro   0x0000000000001413       0xb5 ./Core/Src/main.o
 .debug_macro   0x00000000000014c8      0x391 ./Core/Src/main.o
 .debug_macro   0x0000000000001859     0x6e6e ./Core/Src/main.o
 .debug_macro   0x00000000000086c7       0x66 ./Core/Src/main.o
 .debug_macro   0x000000000000872d     0x34da ./Core/Src/main.o
 .debug_macro   0x000000000000bc07      0x174 ./Core/Src/main.o
 .debug_macro   0x000000000000bd7b       0x55 ./Core/Src/main.o
 .debug_macro   0x000000000000bdd0      0x924 ./Core/Src/main.o
 .debug_macro   0x000000000000c6f4       0xe5 ./Core/Src/main.o
 .debug_macro   0x000000000000c7d9      0x1ae ./Core/Src/main.o
 .debug_macro   0x000000000000c987       0xb3 ./Core/Src/main.o
 .debug_macro   0x000000000000ca3a      0x1a0 ./Core/Src/main.o
 .debug_macro   0x000000000000cbda      0x1ed ./Core/Src/main.o
 .debug_macro   0x000000000000cdc7       0x34 ./Core/Src/main.o
 .debug_macro   0x000000000000cdfb       0x43 ./Core/Src/main.o
 .debug_macro   0x000000000000ce3e       0x28 ./Core/Src/main.o
 .debug_macro   0x000000000000ce66      0x33d ./Core/Src/main.o
 .debug_macro   0x000000000000d1a3       0xbc ./Core/Src/main.o
 .debug_macro   0x000000000000d25f       0xb0 ./Core/Src/main.o
 .debug_macro   0x000000000000d30f      0x15a ./Core/Src/main.o
 .debug_macro   0x000000000000d469      0x22c ./Core/Src/main.o
 .debug_macro   0x000000000000d695       0x61 ./Core/Src/main.o
 .debug_macro   0x000000000000d6f6       0xa5 ./Core/Src/main.o
 .debug_macro   0x000000000000d79b       0x4c ./Core/Src/main.o
 .debug_macro   0x000000000000d7e7       0x2b ./Core/Src/main.o
 .debug_macro   0x000000000000d812      0x2fe ./Core/Src/main.o
 .debug_macro   0x000000000000db10      0x8f4 ./Core/Src/main.o
 .debug_macro   0x000000000000e404       0x28 ./Core/Src/main.o
 .debug_macro   0x000000000000e42c       0xf1 ./Core/Src/main.o
 .debug_macro   0x000000000000e51d       0x52 ./Core/Src/main.o
 .debug_macro   0x000000000000e56f       0x18 ./Core/Src/main.o
 .debug_macro   0x000000000000e587       0x3c ./Core/Src/main.o
 .debug_macro   0x000000000000e5c3       0x34 ./Core/Src/main.o
 .debug_macro   0x000000000000e5f7       0x16 ./Core/Src/main.o
 .debug_macro   0x000000000000e60d       0x35 ./Core/Src/main.o
 .debug_macro   0x000000000000e642      0x333 ./Core/Src/main.o
 .debug_macro   0x000000000000e975       0x10 ./Core/Src/main.o
 .debug_macro   0x000000000000e985       0x16 ./Core/Src/main.o
 .debug_macro   0x000000000000e99b       0x43 ./Core/Src/main.o
 .debug_macro   0x000000000000e9de       0x34 ./Core/Src/main.o
 .debug_macro   0x000000000000ea12       0x10 ./Core/Src/main.o
 .debug_macro   0x000000000000ea22       0x58 ./Core/Src/main.o
 .debug_macro   0x000000000000ea7a       0x71 ./Core/Src/main.o
 .debug_macro   0x000000000000eaeb       0x1c ./Core/Src/main.o
 .debug_macro   0x000000000000eb07      0x12a ./Core/Src/main.o
 .debug_macro   0x000000000000ec31       0x10 ./Core/Src/main.o
 .debug_macro   0x000000000000ec41       0x1c ./Core/Src/main.o
 .debug_macro   0x000000000000ec5d       0x52 ./Core/Src/main.o
 .debug_macro   0x000000000000ecaf       0x22 ./Core/Src/main.o
 .debug_macro   0x000000000000ecd1       0x10 ./Core/Src/main.o
 .debug_macro   0x000000000000ece1       0x40 ./Core/Src/main.o
 .debug_macro   0x000000000000ed21       0xd5 ./Core/Src/main.o
 .debug_macro   0x000000000000edf6       0x1c ./Core/Src/main.o
 .debug_macro   0x000000000000ee12       0x3d ./Core/Src/main.o
 .debug_macro   0x000000000000ee4f       0x16 ./Core/Src/main.o
 .debug_macro   0x000000000000ee65      0x145 ./Core/Src/main.o
 .debug_macro   0x000000000000efaa       0x16 ./Core/Src/main.o
 .debug_macro   0x000000000000efc0       0x20 ./Core/Src/main.o
 .debug_macro   0x000000000000efe0      0x1e0 ./Core/Src/stm32f0xx_hal_msp.o
 .debug_macro   0x000000000000f1c0      0x1ea ./Core/Src/stm32f0xx_it.o
 .debug_macro   0x000000000000f3aa      0x1d6 ./Core/Src/system_stm32f0xx.o
 .debug_macro   0x000000000000f580      0x1fa ./Drivers/STM32F0xx_HAL_Driver/Src/stm32f0xx_hal.o
 .debug_macro   0x000000000000f77a      0x1fa ./Drivers/STM32F0xx_HAL_Driver/Src/stm32f0xx_hal_adc.o
 .debug_macro   0x000000000000f974      0x1e2 ./Drivers/STM32F0xx_HAL_Driver/Src/stm32f0xx_hal_adc_ex.o
 .debug_macro   0x000000000000fb56      0x1d6 ./Drivers/STM32F0xx_HAL_Driver/Src/stm32f0xx_hal_cortex.o
 .debug_macro   0x000000000000fd2c      0x1d6 ./Drivers/STM32F0xx_HAL_Driver/Src/stm32f0xx_hal_dma.o
 .debug_macro   0x000000000000ff02      0x1dd ./Drivers/STM32F0xx_HAL_Driver/Src/stm32f0xx_hal_gpio.o
 .debug_macro   0x00000000000100df      0x1e8 ./Drivers/STM32F0xx_HAL_Driver/Src/stm32f0xx_hal_rcc.o
 .debug_macro   0x00000000000102c7      0x1de ./Drivers/STM32F0xx_HAL_Driver/Src/stm32f0xx_hal_spi.o
 .debug_macro   0x00000000000104a5      0x1d7 ./Drivers/STM32F0xx_HAL_Driver/Src/stm32f0xx_hal_tim.o
 .debug_macro   0x000000000001067c      0x1d6 ./Drivers/STM32F0xx_HAL_Driver/Src/stm32f0xx_hal_tim_ex.o

.debug_line     0x0000000000000000     0xe64e
 .debug_line    0x0000000000000000      0xca9 ./Core/Src/main.o
 .debug_line    0x0000000000000ca9      0x869 ./Core/Src/stm32f0xx_hal_msp.o
 .debug_line    0x0000000000001512      0x7f7 ./Core/Src/stm32f0xx_it.o
 .debug_line    0x0000000000001d09      0x7a1 ./Core/Src/system_stm32f0xx.o
 .debug_line    0x00000000000024aa       0x89 ./Core/Startup/startup_stm32f030f4px.o
 .debug_line    0x0000000000002533      0x9ac ./Drivers/STM32F0xx_HAL_Driver/Src/stm32f0xx_hal.o
 .debug_line    0x0000000000002edf     0x11d3 ./Drivers/STM32F0xx_HAL_Driver/Src/stm32f0xx_hal_adc.o
 .debug_line    0x00000000000040b2      0x7c5 ./Drivers/STM32F0xx_HAL_Driver/Src/stm32f0xx_hal_adc_ex.o
 .debug_line    0x0000000000004877      0xa58 ./Drivers/STM32F0xx_HAL_Driver/Src/stm32f0xx_hal_cortex.o
 .debug_line    0x00000000000052cf      0xcd0 ./Drivers/STM32F0xx_HAL_Driver/Src/stm32f0xx_hal_dma.o
 .debug_line    0x0000000000005f9f      0xb27 ./Drivers/STM32F0xx_HAL_Driver/Src/stm32f0xx_hal_gpio.o
 .debug_line    0x0000000000006ac6      0xd94 ./Drivers/STM32F0xx_HAL_Driver/Src/stm32f0xx_hal_rcc.o
 .debug_line    0x000000000000785a     0x1f41 ./Drivers/STM32F0xx_HAL_Driver/Src/stm32f0xx_hal_spi.o
 .debug_line    0x000000000000979b     0x35ea ./Drivers/STM32F0xx_HAL_Driver/Src/stm32f0xx_hal_tim.o
 .debug_line    0x000000000000cd85     0x18c9 ./Drivers/STM32F0xx_HAL_Driver/Src/stm32f0xx_hal_tim_ex.o

.debug_str      0x0000000000000000    0x65076
 .debug_str     0x0000000000000000    0x627bb ./Core/Src/main.o
                                      0x62c23 (size before relaxing)
 .debug_str     0x00000000000627bb       0xa6 ./Core/Src/stm32f0xx_hal_msp.o
                                      0x5e7d1 (size before relaxing)
 .debug_str     0x0000000000062861       0x99 ./Core/Src/stm32f0xx_it.o
                                      0x5e156 (size before relaxing)
 .debug_str     0x00000000000628fa       0x5f ./Core/Src/system_stm32f0xx.o
                                      0x5dd2c (size before relaxing)
 .debug_str     0x0000000000062959       0x36 ./Core/Startup/startup_stm32f030f4px.o
                                         0x4d (size before relaxing)
 .debug_str     0x000000000006298f      0x30d ./Drivers/STM32F0xx_HAL_Driver/Src/stm32f0xx_hal.o
                                      0x5e206 (size before relaxing)
 .debug_str     0x0000000000062c9c      0x376 ./Drivers/STM32F0xx_HAL_Driver/Src/stm32f0xx_hal_adc.o
                                      0x5e43c (size before relaxing)
 .debug_str     0x0000000000063012       0xa8 ./Drivers/STM32F0xx_HAL_Driver/Src/stm32f0xx_hal_adc_ex.o
                                      0x5e0e5 (size before relaxing)
 .debug_str     0x00000000000630ba      0x1dc ./Drivers/STM32F0xx_HAL_Driver/Src/stm32f0xx_hal_cortex.o
                                      0x5e0ba (size before relaxing)
 .debug_str     0x0000000000063296      0x24d ./Drivers/STM32F0xx_HAL_Driver/Src/stm32f0xx_hal_dma.o
                                      0x5e104 (size before relaxing)
 .debug_str     0x00000000000634e3      0x12b ./Drivers/STM32F0xx_HAL_Driver/Src/stm32f0xx_hal_gpio.o
                                      0x5df0b (size before relaxing)
 .debug_str     0x000000000006360e      0x240 ./Drivers/STM32F0xx_HAL_Driver/Src/stm32f0xx_hal_rcc.o
                                      0x5e136 (size before relaxing)
 .debug_str     0x000000000006384e      0x562 ./Drivers/STM32F0xx_HAL_Driver/Src/stm32f0xx_hal_spi.o
                                      0x5e676 (size before relaxing)
 .debug_str     0x0000000000063db0      0xdd8 ./Drivers/STM32F0xx_HAL_Driver/Src/stm32f0xx_hal_tim.o
                                      0x5f0f7 (size before relaxing)
 .debug_str     0x0000000000064b88      0x4ee ./Drivers/STM32F0xx_HAL_Driver/Src/stm32f0xx_hal_tim_ex.o
                                      0x5e898 (size before relaxing)

.comment        0x0000000000000000       0x53
 .comment       0x0000000000000000       0x53 ./Core/Src/main.o
                                         0x54 (size before relaxing)
 .comment       0x0000000000000053       0x54 ./Core/Src/stm32f0xx_hal_msp.o
 .comment       0x0000000000000053       0x54 ./Core/Src/stm32f0xx_it.o
 .comment       0x0000000000000053       0x54 ./Core/Src/system_stm32f0xx.o
 .comment       0x0000000000000053       0x54 ./Drivers/STM32F0xx_HAL_Driver/Src/stm32f0xx_hal.o
 .comment       0x0000000000000053       0x54 ./Drivers/STM32F0xx_HAL_Driver/Src/stm32f0xx_hal_adc.o
 .comment       0x0000000000000053       0x54 ./Drivers/STM32F0xx_HAL_Driver/Src/stm32f0xx_hal_adc_ex.o
 .comment       0x0000000000000053       0x54 ./Drivers/STM32F0xx_HAL_Driver/Src/stm32f0xx_hal_cortex.o
 .comment       0x0000000000000053       0x54 ./Drivers/STM32F0xx_HAL_Driver/Src/stm32f0xx_hal_dma.o
 .comment       0x0000000000000053       0x54 ./Drivers/STM32F0xx_HAL_Driver/Src/stm32f0xx_hal_gpio.o
 .comment       0x0000000000000053       0x54 ./Drivers/STM32F0xx_HAL_Driver/Src/stm32f0xx_hal_rcc.o
 .comment       0x0000000000000053       0x54 ./Drivers/STM32F0xx_HAL_Driver/Src/stm32f0xx_hal_spi.o
 .comment       0x0000000000000053       0x54 ./Drivers/STM32F0xx_HAL_Driver/Src/stm32f0xx_hal_tim.o
 .comment       0x0000000000000053       0x54 ./Drivers/STM32F0xx_HAL_Driver/Src/stm32f0xx_hal_tim_ex.o

.debug_frame    0x0000000000000000     0x2d7c
 .debug_frame   0x0000000000000000      0x1ac ./Core/Src/main.o
 .debug_frame   0x00000000000001ac       0xf0 ./Core/Src/stm32f0xx_hal_msp.o
 .debug_frame   0x000000000000029c      0x10c ./Core/Src/stm32f0xx_it.o
 .debug_frame   0x00000000000003a8       0x4c ./Core/Src/system_stm32f0xx.o
 .debug_frame   0x00000000000003f4      0x2a4 ./Drivers/STM32F0xx_HAL_Driver/Src/stm32f0xx_hal.o
 .debug_frame   0x0000000000000698      0x3a0 ./Drivers/STM32F0xx_HAL_Driver/Src/stm32f0xx_hal_adc.o
 .debug_frame   0x0000000000000a38       0x30 ./Drivers/STM32F0xx_HAL_Driver/Src/stm32f0xx_hal_adc_ex.o
 .debug_frame   0x0000000000000a68      0x2a0 ./Drivers/STM32F0xx_HAL_Driver/Src/stm32f0xx_hal_cortex.o
 .debug_frame   0x0000000000000d08      0x1d0 ./Drivers/STM32F0xx_HAL_Driver/Src/stm32f0xx_hal_dma.o
 .debug_frame   0x0000000000000ed8      0x110 ./Drivers/STM32F0xx_HAL_Driver/Src/stm32f0xx_hal_gpio.o
 .debug_frame   0x0000000000000fe8      0x198 ./Drivers/STM32F0xx_HAL_Driver/Src/stm32f0xx_hal_rcc.o
 .debug_frame   0x0000000000001180      0x710 ./Drivers/STM32F0xx_HAL_Driver/Src/stm32f0xx_hal_spi.o
 .debug_frame   0x0000000000001890      0xf00 ./Drivers/STM32F0xx_HAL_Driver/Src/stm32f0xx_hal_tim.o
 .debug_frame   0x0000000000002790      0x560 ./Drivers/STM32F0xx_HAL_Driver/Src/stm32f0xx_hal_tim_ex.o
 .debug_frame   0x0000000000002cf0       0x2c d:/ungdung/st/stm32cubeide_1.7.0/stm32cubeide/plugins/com.st.stm32cube.ide.mcu.externaltools.gnu-tools-for-stm32.9-2020-q2-update.win32_2.0.0.202105311346/tools/bin/../lib/gcc/arm-none-eabi/9.3.1/../../../../arm-none-eabi/lib/thumb/v6-m/nofp\libc_nano.a(lib_a-init.o)
 .debug_frame   0x0000000000002d1c       0x20 d:/ungdung/st/stm32cubeide_1.7.0/stm32cubeide/plugins/com.st.stm32cube.ide.mcu.externaltools.gnu-tools-for-stm32.9-2020-q2-update.win32_2.0.0.202105311346/tools/bin/../lib/gcc/arm-none-eabi/9.3.1/../../../../arm-none-eabi/lib/thumb/v6-m/nofp\libc_nano.a(lib_a-memset.o)
 .debug_frame   0x0000000000002d3c       0x20 d:/ungdung/st/stm32cubeide_1.7.0/stm32cubeide/plugins/com.st.stm32cube.ide.mcu.externaltools.gnu-tools-for-stm32.9-2020-q2-update.win32_2.0.0.202105311346/tools/bin/../lib/gcc/arm-none-eabi/9.3.1/thumb/v6-m/nofp\libgcc.a(_udivsi3.o)
 .debug_frame   0x0000000000002d5c       0x20 d:/ungdung/st/stm32cubeide_1.7.0/stm32cubeide/plugins/com.st.stm32cube.ide.mcu.externaltools.gnu-tools-for-stm32.9-2020-q2-update.win32_2.0.0.202105311346/tools/bin/../lib/gcc/arm-none-eabi/9.3.1/thumb/v6-m/nofp\libgcc.a(_divsi3.o)
