main.c:90:6:HAL_GPIO_EXTI_Callback	16	static
main.c:104:20:ring_push	24	static
main.c:121:20:ring_pop	16	static
main.c:137:6:HAL_ADC_ConvCpltCallback	16	static
main.c:145:6:HAL_SPI_TxRxCpltCallback	32	static
main.c:169:5:main	8	static
main.c:222:6:SystemClock_Config	80	static
main.c:258:13:MX_ADC_Init	24	static
main.c:310:13:MX_SPI1_Init	8	static
main.c:349:13:MX_TIM1_Init	32	static
main.c:393:13:MX_DMA_Init	16	static
main.c:414:13:MX_GPIO_Init	48	static
main.c:452:6:Error_Handler	8	static,ignoring_inline_asm
