main.c:88:6:HAL_GPIO_EXTI_Callback	16	static
main.c:102:20:ring_push	16	static
main.c:115:13:build_tx_frame	24	static
main.c:137:6:HAL_ADC_ConvCpltCallback	16	static
main.c:145:6:HAL_SPI_TxRxCpltCallback	16	static
main.c:160:5:main	8	static
main.c:223:6:SystemClock_Config	80	static
main.c:259:13:MX_ADC_Init	24	static
main.c:311:13:MX_SPI1_Init	8	static
main.c:350:13:MX_TIM1_Init	32	static
main.c:394:13:MX_DMA_Init	16	static
main.c:415:13:MX_GPIO_Init	48	static
main.c:453:6:Error_Handler	8	static,ignoring_inline_asm
